// Jest Snapshot v1, https://goo.gl/fbAQLP

exports[`should render correctly with no hardcoded prop 1`] = `ShallowWrapper {}`;
